[design4dj.com/tf/groove/index.html]
[design4dj.com/tf/groove/scripts/museredirect286c.js]
[design4dj.com/tf/groove/tablet/index.html]
[design4dj.com/tf/groove/phone/index.html]
[backblue.gif]
[fade.gif]
[index.html]
[design4dj.com/tf/groove/css/site_globala364.css]
[design4dj.com/tf/groove/css/index3b68.css]
[connect.facebook.net/en_GB/all.js]
[design4dj.com/tf/groove/index-2.html]
[design4dj.com/tf/groove/images/icon_home.png]
[design4dj.com/tf/groove/images/icon_about.png]
[design4dj.com/tf/groove/images/icon_media.png]
[design4dj.com/tf/groove/images/icon_lineup.png]
[design4dj.com/tf/groove/images/icon_ticket.png]
[design4dj.com/tf/groove/images/icon_info.png]
[design4dj.com/tf/groove/images/icon_contacts.png]
[design4dj.com/tf/groove/images/down_arrow.png]
[design4dj.com/tf/groove/images/sponsor_logo_01-u3801-fr.png]
[design4dj.com/tf/groove/images/sponsor_logo_03-u3800-fr.png]
[design4dj.com/tf/groove/images/sponsor_logo_02-u3803-fr.png]
[design4dj.com/tf/groove/images/sponsor_logo_04-u3802-fr.png]
[design4dj.com/tf/groove/images/down_arrow_gray.png]
[design4dj.com/tf/groove/images/photo_002_thumb-u3849-r-fr.png]
[design4dj.com/tf/groove/images/photo_03_thumb-u1017-r-fr.png]
[design4dj.com/tf/groove/images/photo_05_thumb-u1019-r-fr.png]
[design4dj.com/tf/groove/images/photo_01_thumb-u1021-r-fr.png]
[design4dj.com/tf/groove/images/photo_07_thumb-u1023-r-fr.png]
[design4dj.com/tf/groove/images/photo_006_thumb-u3848-r-fr.png]
[design4dj.com/tf/groove/images/video_001_thumb-u3847-r-fr.png]
[design4dj.com/tf/groove/images/close_small_button-u3838-r-fr.png]
[design4dj.com/tf/groove/images/photo_02_thumb-u5126-r-fr.png]
[design4dj.com/tf/groove/images/photo_03_thumb-u5128-r-fr.png]
[design4dj.com/tf/groove/images/photo_01_thumb-u5124-r-fr.png]
[design4dj.com/tf/groove/images/photo_05_thumb-u5125-r-fr.png]
[design4dj.com/tf/groove/images/photo_04_thumb-u5127-r-fr.png]
[design4dj.com/tf/groove/images/photo_07_thumb-u5129-r-fr.png]
[design4dj.com/tf/groove/images/icon_facebook_r-u3901-r-fr.png]
[design4dj.com/tf/groove/images/icon_google_r-u3903-r-fr.png]
[design4dj.com/tf/groove/images/icon_twitter_r-u3905-r-fr.png]
[design4dj.com/tf/groove/images/icon_insta_r-u3902-r-fr.png]
[design4dj.com/tf/groove/images/icon_soundcloud_r-u3904-r-fr.png]
[design4dj.com/tf/groove/images/icon_vimeo_r-u3906-r-fr.png]
[design4dj.com/tf/groove/images/icon_tumblr_r-u3907-r-fr.png]
[design4dj.com/tf/groove/images/photo_01_thumb-u5166-r-fr.png]
[design4dj.com/tf/groove/images/photo_06_thumb-u5163-r-fr.png]
[design4dj.com/tf/groove/images/icon_facebook_w-u3956-r-fr.png]
[design4dj.com/tf/groove/images/icon_google_w-u3958-r-fr.png]
[design4dj.com/tf/groove/images/icon_twitter_w-u3960-r-fr.png]
[design4dj.com/tf/groove/images/icon_insta_w-u3957-r-fr.png]
[design4dj.com/tf/groove/images/icon_soundcloud_w-u3959-r-fr.png]
[design4dj.com/tf/groove/images/icon_vimeo_w-u3961-r-fr.png]
[design4dj.com/tf/groove/images/icon_tumblr_w-u3962-r-fr.png]
[design4dj.com/tf/groove/images/u1669-17-r.png]
[design4dj.com/tf/groove/images/u1669-17-m.png]
[design4dj.com/tf/groove/images/u1669-17-fs.png]
[design4dj.com/tf/groove/images/u1962-r.png]
[design4dj.com/tf/groove/images/u1965-r.png]
[design4dj.com/tf/groove/images/u1968-r.png]
[design4dj.com/tf/groove/images/u1971-r.png]
[design4dj.com/tf/groove/images/u1974-r.png]
[design4dj.com/tf/groove/images/u1985-r.png]
[design4dj.com/tf/groove/images/u1990-r.png]
[design4dj.com/tf/groove/images/u1995-r.png]
[design4dj.com/tf/groove/scripts/museutilsafda.js]
[design4dj.com/tf/groove/scripts/jquery.musepolyfill.bgsize514e.js]
[design4dj.com/tf/groove/scripts/jquery.scrolleffectsdd7e.js]
[design4dj.com/tf/groove/scripts/jquery.watch7e38.js]
[design4dj.com/tf/groove/scripts/webprobd73.js]
[design4dj.com/tf/groove/scripts/musewpslideshowf008.js]
[design4dj.com/tf/groove/scripts/jquery.museoverlay099b.js]
[design4dj.com/tf/groove/scripts/touchswipeb56b.js]
[design4dj.com/tf/groove/scripts/musewpdisclosure522b.js]
[apis.google.com/js/plusone.js]
[design4dj.com/tf/groove/index.html]
[platform.twitter.com/widgets.js]
[www.tools4dj.ru/index.html]
[design4dj.com/tf/groove/tablet/css/index7039.css]
[design4dj.com/tf/groove/images/icon_menu_close.png]
[design4dj.com/tf/groove/images/photo_03_thumb-u3851-r-fr.png]
[design4dj.com/tf/groove/images/photo_05_thumb-u3850-r-fr.png]
[design4dj.com/tf/groove/images/photo_01_thumb-u3845-r-fr.png]
[design4dj.com/tf/groove/images/photo_07_thumb-u3846-r-fr.png]
[design4dj.com/tf/groove/images/u4251-17-r.png]
[design4dj.com/tf/groove/images/u4251-17-m.png]
[design4dj.com/tf/groove/images/u4251-17-fs.png]
[design4dj.com/tf/groove/images/u4267-r.png]
[design4dj.com/tf/groove/images/u4269-r.png]
[design4dj.com/tf/groove/images/u4271-r.png]
[design4dj.com/tf/groove/images/u4273-r.png]
[design4dj.com/tf/groove/images/u4275-r.png]
[design4dj.com/tf/groove/images/u4277-r.png]
[design4dj.com/tf/groove/images/u4279-r.png]
[design4dj.com/tf/groove/images/u4281-r.png]
[design4dj.com/tf/groove/scripts/jquery.musemenua901.js]
[design4dj.com/tf/groove/tablet/index.html]
[design4dj.com/tf/groove/phone/css/indexd537.css]
[design4dj.com/tf/groove/images/icon_facebook_r.png]
[design4dj.com/tf/groove/images/icon_insta_r.png]
[design4dj.com/tf/groove/images/icon_google_r.png]
[design4dj.com/tf/groove/images/icon_soundcloud_r.png]
[design4dj.com/tf/groove/images/icon_twitter_r.png]
[design4dj.com/tf/groove/images/icon_vimeo_r.png]
[design4dj.com/tf/groove/images/icon_tumblr_r.png]
[design4dj.com/tf/groove/images/u6327-17-r.png]
[design4dj.com/tf/groove/images/u6327-17-m.png]
[design4dj.com/tf/groove/images/u6327-17-fs.png]
[design4dj.com/tf/groove/images/u6339-r.png]
[design4dj.com/tf/groove/images/u6341-r.png]
[design4dj.com/tf/groove/images/u6343-r.png]
[design4dj.com/tf/groove/images/u6345-r.png]
[design4dj.com/tf/groove/images/u6347-r.png]
[design4dj.com/tf/groove/images/u6349-r.png]
[design4dj.com/tf/groove/images/u6351-r.png]
[design4dj.com/tf/groove/images/u6353-r.png]
[design4dj.com/tf/groove/phone/index.html]
[design4dj.com/tf/groove/index-2.html]
[www.tools4dj.ru/images/a-master-home-favicon1441.ico]
[www.tools4dj.ru/css/site_global256e.css]
[www.tools4dj.ru/css/master_a-master-home5066.css]
[www.tools4dj.ru/css/indexd18f.css]
[webfonts.creativecloud.com/roboto_n7,n4_default.js]
[www.tools4dj.ru/images/blank3e08.gif]
[www.tools4dj.ru/press-kits.html]
[www.tools4dj.ru/business-cards.html]
[www.tools4dj.ru/dj-websites.html]
[www.tools4dj.ru/music-event-websites.html]
[www.tools4dj.ru/cover-artworks.html]
[www.tools4dj.ru/contact-us.html]
[www.tools4dj.ru/scripts/require8cb2.js]
[www.tools4dj.ru/index.html]
[www.tools4dj.ru/images/a-master-edit-favicon1441.ico]
[www.tools4dj.ru/css/master_a-master-editaf3c.css]
[www.tools4dj.ru/css/press-kitsf63e.css]
[www.tools4dj.ru/press-kits.html]
[www.tools4dj.ru/css/business-cardsbf8f.css]
[www.tools4dj.ru/business-cards.html]
[www.tools4dj.ru/css/dj-websites08c9.css]
[www.tools4dj.ru/dj-websites.html]
[www.tools4dj.ru/css/music-event-websitesc19f.css]
[www.tools4dj.ru/music-event-websites.html]
[www.tools4dj.ru/css/cover-artworks636d.css]
[www.tools4dj.ru/cover-artworks.html]
[www.tools4dj.ru/images/a-master-_-contacts-favicon1441.ico]
[www.tools4dj.ru/css/master_a-master-_-contacts599f.css]
[www.tools4dj.ru/css/contact-us3e0a.css]
[www.tools4dj.ru/contact-us.html]
[design4dj.com/tf/groove/scripts/museredirect286c.js]
[design4dj.com/tf/groove/css/site_globala364.css]
[design4dj.com/tf/groove/images/background_photo_03.jpg]
[design4dj.com/tf/groove/images/down_arrow-u3780-fr.png]
[design4dj.com/tf/groove/images/background_line_09.png]
[design4dj.com/tf/groove/images/background_line_01.png]
[design4dj.com/tf/groove/images/sponsor_logo_01-u1415-fr.png]
[apis.google.com/js/plusone.js]
[design4dj.com/tf/groove/images/sponsor_logo_03-u1467-fr.png]
[platform.twitter.com/widgets.js]
[design4dj.com/tf/groove/images/sponsor_logo_02-u1413-fr.png]
[design4dj.com/tf/groove/images/sponsor_logo_04-u1468-fr.png]
[design4dj.com/tf/groove/images/down_arrow_gray-u2011-fr.png]
[design4dj.com/tf/groove/images/dj_01-1.png]
[design4dj.com/tf/groove/images/photo_002_thumb.jpg]
[design4dj.com/tf/groove/images/photo_03_thumb.jpg]
[design4dj.com/tf/groove/images/photo_05_thumb.jpg]
[design4dj.com/tf/groove/images/photo_01_thumb.jpg]
[design4dj.com/tf/groove/images/photo_07_thumb.jpg]
[design4dj.com/tf/groove/images/photo_006_thumb.jpg]
[design4dj.com/tf/groove/images/video_001_thumb.jpg]
[design4dj.com/tf/groove/images/photo_04.jpg]
[design4dj.com/tf/groove/images/photo_03.jpg]
[design4dj.com/tf/groove/images/photo_05.jpg]
[design4dj.com/tf/groove/images/photo_01.jpg]
[design4dj.com/tf/groove/images/photo_07.jpg]
[design4dj.com/tf/groove/images/photo_02_thumb.jpg]
[design4dj.com/tf/groove/images/photo_03_thumb-u5128-fr.jpg]
[design4dj.com/tf/groove/images/photo_01_thumb-u5124-fr.jpg]
[design4dj.com/tf/groove/images/photo_05_thumb-u5125-fr.jpg]
[design4dj.com/tf/groove/images/photo_04_thumb.jpg]
[design4dj.com/tf/groove/images/photo_07_thumb-u5129-fr.jpg]
[design4dj.com/tf/groove/images/photo_02.jpg]
[design4dj.com/tf/groove/images/icon_facebook_g-u3901-fr.png]
[design4dj.com/tf/groove/images/icon_google_g-u3903-fr.png]
[design4dj.com/tf/groove/images/icon_twitter_g-u3905-fr.png]
[design4dj.com/tf/groove/images/icon_insta_g-u3902-fr.png]
[design4dj.com/tf/groove/images/icon_soundcloud_g-u3904-fr.png]
[design4dj.com/tf/groove/images/icon_vimeo_g-u3906-fr.png]
[design4dj.com/tf/groove/images/icon_tumblr_g-u3907-fr.png]
[design4dj.com/tf/groove/images/dj_name_background_white_right.png]
[design4dj.com/tf/groove/images/photo_01_thumb-u5166-fr.jpg]
[design4dj.com/tf/groove/images/photo_06_thumb.jpg]
[design4dj.com/tf/groove/images/dj_02-1.png]
[webfonts.creativecloud.com/roboto_n7,n4_default.js]
[design4dj.com/tf/groove/images/dj_03-1.png]
[design4dj.com/tf/groove/images/background_line_08.png]
[design4dj.com/tf/groove/images/background_photo_02.jpg]
[design4dj.com/tf/groove/images/u1669-17.png]
[design4dj.com/tf/groove/images/background_line_13.png]
[design4dj.com/tf/groove/images/u1962.png]
[design4dj.com/tf/groove/images/u1965.png]
[design4dj.com/tf/groove/images/u1968.png]
[design4dj.com/tf/groove/images/u1971.png]
[design4dj.com/tf/groove/images/u1974.png]
[design4dj.com/tf/groove/images/u1985.png]
[design4dj.com/tf/groove/images/u1990.png]
[design4dj.com/tf/groove/images/u1995.png]
[design4dj.com/tf/groove/css/index3b68.css]
[connect.facebook.net/en_GB/all.js]
[design4dj.com/tf/groove/scripts/pie.js]
[design4dj.com/tf/groove/scripts/museutilsafda.js]
[design4dj.com/tf/groove/scripts/jquery.musepolyfill.bgsize514e.js]
[design4dj.com/tf/groove/scripts/jquery.scrolleffectsdd7e.js]
[design4dj.com/tf/groove/scripts/jquery.watch7e38.js]
[design4dj.com/tf/groove/scripts/webprobd73.js]
[design4dj.com/tf/groove/scripts/musewpslideshowf008.js]
[design4dj.com/tf/groove/scripts/jquery.museoverlay099b.js]
[design4dj.com/tf/groove/scripts/touchswipeb56b.js]
[design4dj.com/tf/groove/scripts/musewpdisclosure522b.js]
[design4dj.com/tf/groove/images/icon_menu.png]
[design4dj.com/tf/groove/images/u4251-17.png]
[design4dj.com/tf/groove/images/u4267.png]
[design4dj.com/tf/groove/images/u4269.png]
[design4dj.com/tf/groove/images/u4271.png]
[design4dj.com/tf/groove/images/u4273.png]
[design4dj.com/tf/groove/images/u4275.png]
[design4dj.com/tf/groove/images/u4277.png]
[design4dj.com/tf/groove/images/u4279.png]
[design4dj.com/tf/groove/images/u4281.png]
[design4dj.com/tf/groove/tablet/css/index7039.css]
[design4dj.com/tf/groove/scripts/jquery.musemenua901.js]
[design4dj.com/tf/groove/images/sponsor_logo_01-u6004-fr.png]
[design4dj.com/tf/groove/images/sponsor_logo_02-u6002-fr.png]
[design4dj.com/tf/groove/images/sponsor_logo_04-u6003-fr.png]
[design4dj.com/tf/groove/images/sponsor_logo_03-u6005-fr.png]
[design4dj.com/tf/groove/images/photo_002_thumb-u6071-fr.jpg]
[design4dj.com/tf/groove/images/photo_03-u6075-fr.jpg]
[design4dj.com/tf/groove/images/photo_006_thumb-u6079-fr.jpg]
[design4dj.com/tf/groove/images/photo_03_thumb-u6074-fr.jpg]
[design4dj.com/tf/groove/images/photo_01_thumb-u6076-fr.jpg]
[design4dj.com/tf/groove/images/dj_name_background_red_left-u6088-fr.png]
[design4dj.com/tf/groove/images/icon_facebook_g.png]
[design4dj.com/tf/groove/images/icon_insta_g.png]
[design4dj.com/tf/groove/images/dj_01-1_mobile.png]
[design4dj.com/tf/groove/images/icon_google_g.png]
[design4dj.com/tf/groove/images/icon_soundcloud_g.png]
[design4dj.com/tf/groove/images/icon_twitter_g.png]
[design4dj.com/tf/groove/images/icon_vimeo_g.png]
[design4dj.com/tf/groove/images/icon_tumblr_g.png]
[design4dj.com/tf/groove/images/dj_name_background_white_right-u6137-fr.png]
[design4dj.com/tf/groove/images/dj_02-1_mobile.png]
[design4dj.com/tf/groove/images/dj_03-1_mobile.png]
[design4dj.com/tf/groove/images/u6327-17.png]
[design4dj.com/tf/groove/images/u6339.png]
[design4dj.com/tf/groove/images/u6341.png]
[design4dj.com/tf/groove/images/u6343.png]
[design4dj.com/tf/groove/images/u6345.png]
[design4dj.com/tf/groove/images/u6347.png]
[design4dj.com/tf/groove/images/u6349.png]
[design4dj.com/tf/groove/images/u6351.png]
[design4dj.com/tf/groove/images/u6353.png]
[design4dj.com/tf/groove/phone/css/indexd537.css]
[www.tools4dj.ru/css/site_global256e.css]
[www.tools4dj.ru/css/master_a-master-home5066.css]
[www.tools4dj.ru/images/loading0d49.gif]
[www.tools4dj.ru/images/home_slider_089734.jpg]
[www.tools4dj.ru/images/home_slider_04deca.jpg]
[www.tools4dj.ru/images/home_menu_site_01731f.jpg]
[www.tools4dj.ru/images/home_menu_site_03d44a.jpg]
[www.tools4dj.ru/images/home_menu_cover_023517.jpg]
[www.tools4dj.ru/images/home_menu_flyer_01b760.jpg]
[www.tools4dj.ru/images/home_menu_graphics_0247d9.jpg]
[www.tools4dj.ru/css/indexd18f.css]
[www.tools4dj.ru/scripts/require8cb2.js]
[www.tools4dj.ru/images/menu_017b6c.png]
[www.tools4dj.ru/images/menu_02cde4.png]
[www.tools4dj.ru/images/btn_close26a2.png]
[www.tools4dj.ru/images/btn_close-u38310-r-fr951d.png]
[www.tools4dj.ru/css/master_a-master-editaf3c.css]
[www.tools4dj.ru/images/presskits_022-u3668-fr9838.jpg]
[www.tools4dj.ru/images/presskits_005-u3681-frb8f2.jpg]
[www.tools4dj.ru/images/presskits_054-u3708-fr6143.jpg]
[www.tools4dj.ru/images/presskits_031-u3717-fr4197.jpg]
[www.tools4dj.ru/images/presskits_008-u3780-fr030f.jpg]
[www.tools4dj.ru/images/presskits_010-u3789-fr7b17.jpg]
[www.tools4dj.ru/images/presskits_037-u3763-fr01da.jpg]
[www.tools4dj.ru/images/presskits_041-u3771-fr2884.jpg]
[www.tools4dj.ru/images/presskits_006-u3879-fr9c5a.jpg]
[www.tools4dj.ru/images/presskits_002-u3870-frf906.jpg]
[www.tools4dj.ru/images/presskits_033-u3889-fre50e.jpg]
[www.tools4dj.ru/images/presskits_051-u3897-frc427.jpg]
[www.tools4dj.ru/images/presskits_015-u3906-fr9ada.jpg]
[www.tools4dj.ru/images/presskits_021-u3915-fr30b2.jpg]
[www.tools4dj.ru/images/presskits_014-u3925-frce18.jpg]
[www.tools4dj.ru/images/presskits_012-u3933-fr0bfa.jpg]
[www.tools4dj.ru/images/presskits_026-u4015-frb19b.jpg]
[www.tools4dj.ru/images/presskits_034-u4023-fr531e.jpg]
[www.tools4dj.ru/images/presskits_042-u4042-freb0f.jpg]
[www.tools4dj.ru/images/presskits_047-u4033-fr3a5d.jpg]
[www.tools4dj.ru/images/presskits_050-u4059-frc19c.jpg]
[www.tools4dj.ru/images/presskits_052-u4051-frc68c.jpg]
[www.tools4dj.ru/images/presskits_056-u4068-fr.1a86979.delayed]
[www.tools4dj.ru/images/presskits_055-u4077-frcb2e.jpg]
[www.tools4dj.ru/images/presskits_013-u19059-frf339.jpg]
[www.tools4dj.ru/images/presskits_007-u19051-frcdbc.jpg]
[www.tools4dj.ru/images/presskits_030-u19086-fr87d1.jpg]
[www.tools4dj.ru/images/presskits_029-u19095-fr6388.jpg]
[www.tools4dj.ru/images/presskits_044-u19131-frd6dd.jpg]
[www.tools4dj.ru/images/presskits_025-u19123-fr62fd.jpg]
[www.tools4dj.ru/images/presskits_058-u19224-frcbeb.jpg]
[www.tools4dj.ru/images/presskits_020-u19215-frd1ed.jpg]
[www.tools4dj.ru/images/presskits_060-u19554-frea0c.jpg]
[www.tools4dj.ru/images/presskits_001-u19544-frfa95.jpg]
[www.tools4dj.ru/images/presskits_064-u40891-fr549f.jpg]
[www.tools4dj.ru/images/presskits_065-u42543-fr304c.jpg]
[www.tools4dj.ru/images/presskits_056-u4068-fr6979.jpg]
[www.tools4dj.ru/images/presskits_022-u3668-fr20b5e.jpg]
[www.tools4dj.ru/images/presskits_005-u3681-fr2.1b7421f.delayed]
[www.tools4dj.ru/images/presskits_054-u3708-fr24eed.jpg]
[www.tools4dj.ru/images/presskits_031-u3717-fr28e41.jpg]
[www.tools4dj.ru/images/presskits_008-u3780-fr22142.jpg]
[www.tools4dj.ru/images/presskits_005-u3681-fr2421f.jpg]
[www.tools4dj.ru/images/presskits_010-u3789-fr2bc0d.jpg]
[www.tools4dj.ru/images/presskits_037-u3763-fr20542.jpg]
[www.tools4dj.ru/images/presskits_041-u3771-fr2f71c.jpg]
[www.tools4dj.ru/images/presskits_006-u3879-fr24b15.jpg]
[www.tools4dj.ru/images/presskits_002-u3870-fr24456.jpg]
[www.tools4dj.ru/images/presskits_033-u3889-fr2b414.jpg]
[www.tools4dj.ru/images/presskits_051-u3897-fr26f5e.jpg]
[www.tools4dj.ru/images/presskits_015-u3906-fr20428.jpg]
[www.tools4dj.ru/images/presskits_021-u3915-fr20a8b.jpg]
[www.tools4dj.ru/images/presskits_014-u3925-fr24884.jpg]
[www.tools4dj.ru/images/presskits_012-u3933-fr28472.jpg]
[www.tools4dj.ru/images/presskits_026-u4015-fr250d7.jpg]
[www.tools4dj.ru/images/presskits_034-u4023-fr298fd.jpg]
[www.tools4dj.ru/images/presskits_042-u4042-fr2beb3.jpg]
[www.tools4dj.ru/images/presskits_047-u4033-fr26fd0.jpg]
[www.tools4dj.ru/images/presskits_050-u4059-fr221fb.jpg]
[www.tools4dj.ru/images/presskits_052-u4051-fr2c2fe.jpg]
[www.tools4dj.ru/images/presskits_056-u4068-fr2033f.jpg]
[www.tools4dj.ru/images/presskits_055-u4077-fr255a7.jpg]
[www.tools4dj.ru/images/presskits_013-u19059-fr2f954.jpg]
[www.tools4dj.ru/images/presskits_007-u19051-fr2e294.jpg]
[www.tools4dj.ru/images/presskits_030-u19086-fr2963c.jpg]
[www.tools4dj.ru/images/presskits_029-u19095-fr2fc3a.jpg]
[www.tools4dj.ru/images/presskits_044-u19131-fr27a19.jpg]
[www.tools4dj.ru/images/presskits_025-u19123-fr24644.jpg]
[www.tools4dj.ru/images/presskits_058-u19224-fr29319.jpg]
[www.tools4dj.ru/images/presskits_020-u19215-fr2ff4a.jpg]
[www.tools4dj.ru/images/presskits_060-u19554-fr26432.jpg]
[www.tools4dj.ru/images/presskits_001-u19544-fr2cf58.jpg]
[www.tools4dj.ru/images/presskits_064-u40891-fr22d7b.jpg]
[www.tools4dj.ru/images/presskits_065-u42543-fr23e47.jpg]
[www.tools4dj.ru/images/presskits_022455d.jpg]
[www.tools4dj.ru/images/presskits_0051eeb.jpg]
[www.tools4dj.ru/images/presskits_0544c5b.jpg]
[www.tools4dj.ru/images/presskits_03177b2.jpg]
[www.tools4dj.ru/images/presskits_008fcd5.jpg]
[www.tools4dj.ru/images/presskits_010dc72.jpg]
[www.tools4dj.ru/images/presskits_037b649.jpg]
[www.tools4dj.ru/images/presskits_0068f31.jpg]
[www.tools4dj.ru/images/presskits_033ab37.jpg]
[www.tools4dj.ru/images/presskits_051c93d.jpg]
[www.tools4dj.ru/images/presskits_021aae4.jpg]
[www.tools4dj.ru/images/presskits_0141f68.jpg]
[www.tools4dj.ru/images/presskits_0125192.jpg]
[www.tools4dj.ru/images/presskits_0267c35.jpg]
[www.tools4dj.ru/images/presskits_034ba4b.jpg]
[www.tools4dj.ru/images/presskits_0568c14.jpg]
[www.tools4dj.ru/images/presskits_05578f7.jpg]
[www.tools4dj.ru/images/presskits_013ffd6.jpg]
[www.tools4dj.ru/images/presskits_00720ad.jpg]
[www.tools4dj.ru/images/presskits_03018cc.jpg]
[www.tools4dj.ru/images/presskits_029bc01.jpg]
[www.tools4dj.ru/images/presskits_044cae8.jpg]
[www.tools4dj.ru/images/presskits_02517ed.jpg]
[www.tools4dj.ru/images/presskits_058444e.jpg]
[www.tools4dj.ru/images/presskits_0203bf9.jpg]
[www.tools4dj.ru/images/presskits_06041b8.jpg]
[www.tools4dj.ru/images/presskits_001a5f8.jpg]
[www.tools4dj.ru/images/presskits_064f741.jpg]
[www.tools4dj.ru/images/presskits_054-u3708-fr385cb.jpg]
[www.tools4dj.ru/images/presskits_031-u3717-fr358a4.jpg]
[www.tools4dj.ru/images/presskits_008-u3780-fr33b0f.jpg]
[www.tools4dj.ru/images/presskits_010-u3789-fr30f03.jpg]
[www.tools4dj.ru/images/presskits_037-u3763-fr3a3e2.jpg]
[www.tools4dj.ru/images/presskits_041-u3771-fr300d1.jpg]
[www.tools4dj.ru/images/presskits_006-u3879-fr3ed59.jpg]
[www.tools4dj.ru/images/presskits_002-u3870-fr30b94.jpg]
[www.tools4dj.ru/images/presskits_033-u3889-fr346c4.jpg]
[www.tools4dj.ru/images/presskits_051-u3897-fr36aa7.jpg]
[www.tools4dj.ru/images/presskits_015-u3906-fr33298.jpg]
[www.tools4dj.ru/images/presskits_021-u3915-fr3e11e.jpg]
[www.tools4dj.ru/images/presskits_014-u3925-fr3ceca.jpg]
[www.tools4dj.ru/images/presskits_012-u3933-fr36ad2.jpg]
[www.tools4dj.ru/css/press-kitsf63e.css]
[www.tools4dj.ru/css/business-cardsbf8f.css]
[www.tools4dj.ru/css/dj-websites08c9.css]
[www.tools4dj.ru/css/music-event-websitesc19f.css]
[www.tools4dj.ru/css/cover-artworks636d.css]
[www.tools4dj.ru/css/master_a-master-_-contacts599f.css]
[www.tools4dj.ru/css/contact-us3e0a.css]
[design4dj.com/tf/groove/scripts/pie.js]
[www.tools4dj.ru/images/presskits_026-u4015-fr32d86.html]
[design4dj.com/tf/groove/images/photo_01.jpg]
[design4dj.com/tf/groove/images/photo_07.jpg]
[design4dj.com/tf/groove/images/photo_06.jpg]
[design4dj.com/tf/groove/images/prev_small_arrow.png]
[design4dj.com/tf/groove/images/next_small_arrow.png]
[design4dj.com/tf/groove/images/close_small_button.png]
[design4dj.com/tf/groove/images/dj_name_background_red_left.png]
[www.tools4dj.ru/images/presskits_041690f.jpg]
[www.tools4dj.ru/images/presskits_0020d8f.jpg]
[www.tools4dj.ru/images/presskits_01525af.jpg]
[www.tools4dj.ru/images/presskits_0423e73.jpg]
[www.tools4dj.ru/images/presskits_0471aae.jpg]
[www.tools4dj.ru/images/presskits_050cbe0.jpg]
[www.tools4dj.ru/images/presskits_0521d85.jpg]
[www.tools4dj.ru/images/presskits_0652521.jpg]
[www.tools4dj.ru/images/presskits_022-u3668-fr30509.jpg]
[www.tools4dj.ru/images/presskits_005-u3681-fr36647.jpg]
